// Jest Snapshot v1, https://goo.gl/fbAQLP

exports[`should render Header correct 1`] = `
<header>
  <h1>
    Expensify
  </h1>
  <NavLink
    activeClassName="is-active"
    to="/dashboard"
  >
    go home
  </NavLink>
  <br />
  <NavLink
    activeClassName="is-active"
    to="/create"
  >
    go create
  </NavLink>
  <br />
  <button
    onClick={[Function]}
  >
    Logout
  </button>
</header>
`;
